// Vitest Snapshot v1, https://vitest.dev/guide/snapshot.html

exports[`fixture: chatgpt plus only > aggregates a pure ChatGPT Plus month without showing currency 1`] = `
"fixture=chatgpt-plus-only
description=Pure ChatGPT Plus usage where spend is token-only
month=2024-04
rows:
minimax|tokens=0|tokensFormatted=0|cost=null|costFormatted=null|showCost=false|remaining=null|remainingFormatted=0|percentage=null
opencode-go|tokens=0|tokensFormatted=0|cost=null|costFormatted=null|showCost=false|remaining=null|remainingFormatted=0|percentage=null
chatgpt-plus|tokens=3000|tokensFormatted=3 000|cost=null|costFormatted=null|showCost=false|remaining=null|remainingFormatted=3 000|percentage=null
normal:
MM  0
OCG  0
GPT+  3 000
narrow:
MM:0
OCG:0
GPT+:3 000"
`;
