// Vitest Snapshot v1, https://vitest.dev/guide/snapshot.html

exports[`fixture: minimax only > aggregates a pure MiniMax month 1`] = `
"fixture=minimax-only
description=Pure MiniMax usage with metered cost
month=2024-04
rows:
minimax|tokens=2000|tokensFormatted=2.0k|cost=0.8|costFormatted=$0.80|showCost=true
opencode-go|tokens=0|tokensFormatted=0|cost=null|costFormatted=null|showCost=false
chatgpt-plus|tokens=0|tokensFormatted=0|cost=null|costFormatted=null|showCost=false
normal:
MM  2.0k  $0.80
OCG  0
GPT+  0
narrow:
MM:2.0k/$0.80
OCG:0
GPT+:0"
`;
