// Vitest Snapshot v1, https://vitest.dev/guide/snapshot.html

exports[`fixture: narrow width > renders compact rows for terminals narrower than 40 columns 1`] = `
"fixture=narrow-width
description=Compact rendering for sub-40 column terminals
month=2024-04
rows:
minimax|tokens=1200|tokensFormatted=1 200|cost=0.45|costFormatted=$0.45|showCost=true|remaining=null|remainingFormatted=1 200|percentage=null
opencode-go|tokens=3000|tokensFormatted=3 000|cost=2.25|costFormatted=$2.25|showCost=true|remaining=null|remainingFormatted=3 000|percentage=null
chatgpt-plus|tokens=2500|tokensFormatted=2 500|cost=null|costFormatted=null|showCost=false|remaining=null|remainingFormatted=2 500|percentage=null
normal:
MM  1 200  ($0.45)
OCG  3 000  ($2.25)
GPT+  2 500
narrow:
MM:1 200/($0.45)
OCG:3 000/($2.25)
GPT+:2 500"
`;
