// Vitest Snapshot v1, https://vitest.dev/guide/snapshot.html

exports[`fixture: zero data > returns the stable empty widget state 1`] = `
"fixture=zero-data
description=No historical or live usage produces the all-zero widget
month=2024-04
rows:
minimax|tokens=0|tokensFormatted=0|cost=null|costFormatted=null|showCost=false
opencode-go|tokens=0|tokensFormatted=0|cost=null|costFormatted=null|showCost=false
chatgpt-plus|tokens=0|tokensFormatted=0|cost=null|costFormatted=null|showCost=false
normal:
MM  0
OCG  0
GPT+  0
narrow:
MM:0
OCG:0
GPT+:0"
`;
